Running 1053 regression tests...
Triangulation quality warning for  clc (Area OK): 186 tris
  QUALITY WARNING: Degenerate triangles: min angle 0.01 deg
  QUALITY WARNING: Triangle count mismatch: got 186, expected 189
Triangulation quality warning for  water (Area OK): 81 tris
  QUALITY WARNING: Degenerate triangles: min angle 0.19 deg
  QUALITY WARNING: Triangle count mismatch: got 81, expected 96
Triangulation quality warning for  water (Area OK): 2320 tris
  QUALITY WARNING: Degenerate triangles: min angle 0.00 deg
  QUALITY WARNING: Triangle count mismatch: got 2320, expected 2428
Triangulation quality warning for  clc (Area OK): 2134 tris
  QUALITY WARNING: Degenerate triangles: min angle 0.00 deg
  QUALITY WARNING: Triangle count mismatch: got 2134, expected 2137
Triangulation quality warning for  water (Area OK): 1204 tris
  QUALITY WARNING: Degenerate triangles: min angle 0.00 deg
  QUALITY WARNING: Triangle count mismatch: got 1204, expected 1277
Triangulation quality warning for  clc (Area OK): 2167 tris
  QUALITY WARNING: Degenerate triangles: min angle 0.00 deg
  QUALITY WARNING: Triangle count mismatch: got 2167, expected 2170
Triangulation quality warning for  water (Area OK): 265 tris
  QUALITY WARNING: Degenerate triangles: min angle 0.01 deg
  QUALITY WARNING: Triangle count mismatch: got 265, expected 340
Triangulation quality warning for  water (Area OK): 4372 tris
  QUALITY WARNING: Degenerate triangles: min angle 0.00 deg
  QUALITY WARNING: Triangle count mismatch: got 4372, expected 4529
Triangulation quality warning for  water (Area OK): 1151 tris
  QUALITY WARNING: Degenerate triangles: min angle 0.00 deg
  QUALITY WARNING: Triangle count mismatch: got 1151, expected 1441
Triangulation quality warning for  clc (Area OK): 3310 tris
  QUALITY WARNING: Degenerate triangles: min angle 0.00 deg
  QUALITY WARNING: Triangle count mismatch: got 3310, expected 3316
Triangulation quality warning for  clc (Area OK): 3179 tris
  QUALITY WARNING: Degenerate triangles: min angle 0.00 deg
  QUALITY WARNING: Triangle count mismatch: got 3179, expected 3185
Triangulation quality warning for  clc (Area OK): 127 tris
  QUALITY WARNING: Degenerate triangles: min angle 0.12 deg
  QUALITY WARNING: Triangle count mismatch: got 127, expected 130
Triangulation quality warning for  water (Area OK): 265 tris
  QUALITY WARNING: Degenerate triangles: min angle 0.01 deg
  QUALITY WARNING: Triangle count mismatch: got 265, expected 340
Triangulation quality warning for  water (Area OK): 7626 tris
  QUALITY WARNING: Degenerate triangles: min angle 0.00 deg
  QUALITY WARNING: Triangle count mismatch: got 7626, expected 7657

Test Results:
Total: 1053
Passed: 1053
Failed: 0
Regression suite PASSED.
